Copyright 1986-2022 Xilinx, Inc. All Rights Reserved.
------------------------------------------------------------------------------------------------------------------------------------------------------------------------------------------
| Tool Version      : Vivado v.2022.2 (lin64) Build 3671981 Fri Oct 14 04:59:54 MDT 2022
| Date              : Wed Oct  7 04:20:02 2026
| Host              : tuansuytu running 64-bit Ubuntu 26.04.1 LTS
| Command           : report_timing_summary -delay_type min_max -report_unconstrained -file /mnt/windows-data/VSCode/Github/Gitpush/frodokem-fpga/build-pio/run.n0dvRZ/project/timing.rpt
| Design            : system_wrapper
| Device            : xck26-sfvc784
| Speed File        : -2LV  PRODUCTION 1.30 05-15-2022
| Temperature Grade : C
------------------------------------------------------------------------------------------------------------------------------------------------------------------------------------------

Timing Summary Report

------------------------------------------------------------------------------------------------
| Timer Settings
| --------------
------------------------------------------------------------------------------------------------

  Enable Multi Corner Analysis               :  Yes
  Enable Pessimism Removal                   :  Yes
  Pessimism Removal Resolution               :  Nearest Common Node
  Enable Input Delay Default Clock           :  No
  Enable Preset / Clear Arcs                 :  No
  Disable Flight Delays                      :  No
  Ignore I/O Paths                           :  No
  Timing Early Launch at Borrowing Latches   :  No
  Borrow Time for Max Delay Exceptions       :  Yes
  Merge Timing Exceptions                    :  Yes

  Corner  Analyze    Analyze    
  Name    Max Paths  Min Paths  
  ------  ---------  ---------  
  Slow    Yes        Yes        
  Fast    Yes        Yes        


------------------------------------------------------------------------------------------------
| Report Methodology
| ------------------
------------------------------------------------------------------------------------------------

No report available as report_methodology has not been run prior. Run report_methodology on the current design for the summary of methodology violations.



check_timing report

Table of Contents
-----------------
1. checking no_clock (0)
2. checking constant_clock (0)
3. checking pulse_width_clock (0)
4. checking unconstrained_internal_endpoints (0)
5. checking no_input_delay (0)
6. checking no_output_delay (0)
7. checking multiple_clock (0)
8. checking generated_clocks (0)
9. checking loops (0)
10. checking partial_input_delay (0)
11. checking partial_output_delay (0)
12. checking latch_loops (0)

1. checking no_clock (0)
------------------------
 There are 0 register/latch pins with no clock.


2. checking constant_clock (0)
------------------------------
 There are 0 register/latch pins with constant_clock.


3. checking pulse_width_clock (0)
---------------------------------
 There are 0 register/latch pins which need pulse_width check


4. checking unconstrained_internal_endpoints (0)
------------------------------------------------
 There are 0 pins that are not constrained for maximum delay.

 There are 0 pins that are not constrained for maximum delay due to constant clock.


5. checking no_input_delay (0)
------------------------------
 There are 0 input ports with no input delay specified.

 There are 0 input ports with no input delay but user has a false path constraint.


6. checking no_output_delay (0)
-------------------------------
 There are 0 ports with no output delay specified.

 There are 0 ports with no output delay but user has a false path constraint

 There are 0 ports with no output delay but with a timing clock defined on it or propagating through it


7. checking multiple_clock (0)
------------------------------
 There are 0 register/latch pins with multiple clocks.


8. checking generated_clocks (0)
--------------------------------
 There are 0 generated clocks that are not connected to a clock source.


9. checking loops (0)
---------------------
 There are 0 combinational loops in the design.


10. checking partial_input_delay (0)
------------------------------------
 There are 0 input ports with partial input delay specified.


11. checking partial_output_delay (0)
-------------------------------------
 There are 0 ports with partial output delay specified.


12. checking latch_loops (0)
----------------------------
 There are 0 combinational latch loops in the design through latch input



------------------------------------------------------------------------------------------------
| Design Timing Summary
| ---------------------
------------------------------------------------------------------------------------------------

    WNS(ns)      TNS(ns)  TNS Failing Endpoints  TNS Total Endpoints      WHS(ns)      THS(ns)  THS Failing Endpoints  THS Total Endpoints     WPWS(ns)     TPWS(ns)  TPWS Failing Endpoints  TPWS Total Endpoints  
    -------      -------  ---------------------  -------------------      -------      -------  ---------------------  -------------------     --------     --------  ----------------------  --------------------  
      6.526        0.000                      0                89818        0.010        0.000                      0                89818        2.000        0.000                       0                 34383  


All user specified timing constraints are met.


------------------------------------------------------------------------------------------------
| Clock Summary
| -------------
------------------------------------------------------------------------------------------------

Clock                               Waveform(ns)       Period(ns)      Frequency(MHz)
-----                               ------------       ----------      --------------
clk_pl_0                            {0.000 5.000}      10.000          100.000         
clk_pl_1                            {0.000 5.000}      10.000          100.000         
system_i/fabric_clock/inst/clk_in1  {0.000 5.000}      10.000          100.000         
  clk_out1_system_fabric_clock_0    {0.000 9.995}      19.990          50.024          


------------------------------------------------------------------------------------------------
| Intra Clock Table
| -----------------
------------------------------------------------------------------------------------------------

Clock                                   WNS(ns)      TNS(ns)  TNS Failing Endpoints  TNS Total Endpoints      WHS(ns)      THS(ns)  THS Failing Endpoints  THS Total Endpoints     WPWS(ns)     TPWS(ns)  TPWS Failing Endpoints  TPWS Total Endpoints  
-----                                   -------      -------  ---------------------  -------------------      -------      -------  ---------------------  -------------------     --------     --------  ----------------------  --------------------  
system_i/fabric_clock/inst/clk_in1                                                                                                                                                    2.000        0.000                       0                     1  
  clk_out1_system_fabric_clock_0          6.526        0.000                      0                89818        0.010        0.000                      0                89818        8.495        0.000                       0                 34382  


------------------------------------------------------------------------------------------------
| Inter Clock Table
| -----------------
------------------------------------------------------------------------------------------------

From Clock    To Clock          WNS(ns)      TNS(ns)  TNS Failing Endpoints  TNS Total Endpoints      WHS(ns)      THS(ns)  THS Failing Endpoints  THS Total Endpoints  
----------    --------          -------      -------  ---------------------  -------------------      -------      -------  ---------------------  -------------------  


------------------------------------------------------------------------------------------------
| Other Path Groups Table
| -----------------------
------------------------------------------------------------------------------------------------

Path Group    From Clock    To Clock          WNS(ns)      TNS(ns)  TNS Failing Endpoints  TNS Total Endpoints      WHS(ns)      THS(ns)  THS Failing Endpoints  THS Total Endpoints  
----------    ----------    --------          -------      -------  ---------------------  -------------------      -------      -------  ---------------------  -------------------  


------------------------------------------------------------------------------------------------
| User Ignored Path Table
| -----------------------
------------------------------------------------------------------------------------------------

Path Group                      From Clock                      To Clock                      
----------                      ----------                      --------                      
(none)                                                          clk_out1_system_fabric_clock_0  
(none)                          clk_out1_system_fabric_clock_0  clk_out1_system_fabric_clock_0  


------------------------------------------------------------------------------------------------
| Unconstrained Path Table
| ------------------------
------------------------------------------------------------------------------------------------

Path Group    From Clock    To Clock    
----------    ----------    --------    


------------------------------------------------------------------------------------------------
| Timing Details
| --------------
------------------------------------------------------------------------------------------------


---------------------------------------------------------------------------------------------------
From Clock:  system_i/fabric_clock/inst/clk_in1
  To Clock:  system_i/fabric_clock/inst/clk_in1

Setup :           NA  Failing Endpoints,  Worst Slack           NA  ,  Total Violation           NA
Hold  :           NA  Failing Endpoints,  Worst Slack           NA  ,  Total Violation           NA
PW    :            0  Failing Endpoints,  Worst Slack        2.000ns,  Total Violation        0.000ns
---------------------------------------------------------------------------------------------------


Pulse Width Checks
--------------------------------------------------------------------------------------
Clock Name:         system_i/fabric_clock/inst/clk_in1
Waveform(ns):       { 0.000 5.000 }
Period(ns):         10.000
Sources:            { system_i/fabric_clock/inst/clk_in1 }

Check Type        Corner  Lib Pin            Reference Pin  Required(ns)  Actual(ns)  Slack(ns)  Location   Pin
Min Period        n/a     MMCME4_ADV/CLKIN1  n/a            1.071         10.000      8.929      MMCM_X0Y3  system_i/fabric_clock/inst/mmcme4_adv_inst/CLKIN1
Max Period        n/a     MMCME4_ADV/CLKIN1  n/a            100.000       10.000      90.000     MMCM_X0Y3  system_i/fabric_clock/inst/mmcme4_adv_inst/CLKIN1
Low Pulse Width   Slow    MMCME4_ADV/CLKIN1  n/a            3.000         5.000       2.000      MMCM_X0Y3  system_i/fabric_clock/inst/mmcme4_adv_inst/CLKIN1
High Pulse Width  Slow    MMCME4_ADV/CLKIN1  n/a            3.000         5.000       2.000      MMCM_X0Y3  system_i/fabric_clock/inst/mmcme4_adv_inst/CLKIN1



---------------------------------------------------------------------------------------------------
From Clock:  clk_out1_system_fabric_clock_0
  To Clock:  clk_out1_system_fabric_clock_0

Setup :            0  Failing Endpoints,  Worst Slack        6.526ns,  Total Violation        0.000ns
Hold  :            0  Failing Endpoints,  Worst Slack        0.010ns,  Total Violation        0.000ns
PW    :            0  Failing Endpoints,  Worst Slack        8.495ns,  Total Violation        0.000ns
---------------------------------------------------------------------------------------------------


Max Delay Paths
--------------------------------------------------------------------------------------
Slack (MET) :             6.526ns  (required time - arrival time)
  Source:                 system_i/accelerator/inst/core/core/core/keccak/k_in/cmdBuf/mainBuff/genblk1[0].del/buffer2_isUsed__ff/r_reg[0]/C
                            (rising edge-triggered cell FDRE clocked by clk_out1_system_fabric_clock_0  {rise@0.000ns fall@9.995ns period=19.990ns})
  Destination:            system_i/accelerator/inst/core/core/core/memAndMul/core/mainMemory/b/genblk1[2].mem/mem_reg/DINADIN[6]
                            (rising edge-triggered cell RAMB36E2 clocked by clk_out1_system_fabric_clock_0  {rise@0.000ns fall@9.995ns period=19.990ns})
  Path Group:             clk_out1_system_fabric_clock_0
  Path Type:              Setup (Max at Slow Process Corner)
  Requirement:            19.990ns  (clk_out1_system_fabric_clock_0 rise@19.990ns - clk_out1_system_fabric_clock_0 rise@0.000ns)
  Data Path Delay:        12.585ns  (logic 2.873ns (22.829%)  route 9.712ns (77.171%))
  Logic Levels:           21  (LUT2=3 LUT3=2 LUT4=2 LUT5=4 LUT6=10)
  Clock Path Skew:        -0.369ns (DCD - SCD + CPR)
    Destination Clock Delay (DCD):    4.882ns = ( 24.872 - 19.990 ) 
    Source Clock Delay      (SCD):    4.717ns
    Clock Pessimism Removal (CPR):    -0.535ns
  Clock Uncertainty:      0.104ns  ((TSJ^2 + DJ^2)^1/2) / 2 + PE
    Total System Jitter     (TSJ):    0.071ns
    Discrete Jitter          (DJ):    0.195ns
    Phase Error              (PE):    0.000ns
  Clock Net Delay (Source):      2.817ns (routing 1.241ns, distribution 1.576ns)
  Clock Net Delay (Destination): 2.339ns (routing 1.133ns, distribution 1.206ns)

    Location             Delay type                Incr(ns)  Path(ns)    Netlist Resource(s)
  -------------------------------------------------------------------    -------------------
                         (clock clk_out1_system_fabric_clock_0 rise edge)
                                                      0.000     0.000 r  
    BUFG_PS_X0Y81        BUFG_PS                      0.000     0.000 r  system_i/ps/inst/buffer_pl_clk_0.PL_CLK_0_BUFG/O
                         net (fo=1, routed)           1.611     1.611    system_i/fabric_clock/inst/clk_in1
    MMCM_X0Y3            MMCME4_ADV (Prop_MMCM_CLKIN1_CLKOUT0)
                                                     -0.103     1.508 r  system_i/fabric_clock/inst/mmcme4_adv_inst/CLKOUT0
                         net (fo=1, routed)           0.348     1.856    system_i/fabric_clock/inst/clk_out1_system_fabric_clock_0
    BUFGCE_X0Y76         BUFGCE (Prop_BUFCE_BUFGCE_I_O)
                                                      0.044     1.900 r  system_i/fabric_clock/inst/clkout1_buf/O
    X1Y1 (CLOCK_ROOT)    net (fo=35020, routed)       2.817     4.717    system_i/accelerator/inst/core/core/core/keccak/k_in/cmdBuf/mainBuff/genblk1[0].del/buffer2_isUsed__ff/clk
    SLICE_X56Y121        FDRE                                         r  system_i/accelerator/inst/core/core/core/keccak/k_in/cmdBuf/mainBuff/genblk1[0].del/buffer2_isUsed__ff/r_reg[0]/C
  -------------------------------------------------------------------    -------------------
    SLICE_X56Y121        FDRE (Prop_HFF_SLICEL_C_Q)
                                                      0.113     4.830 f  system_i/accelerator/inst/core/core/core/keccak/k_in/cmdBuf/mainBuff/genblk1[0].del/buffer2_isUsed__ff/r_reg[0]/Q
                         net (fo=18, routed)          0.123     4.953    system_i/accelerator/inst/core/core/core/keccak/k_in/cmdBuf/mainBuff/genblk1[0].del/in_enabled__ff/r_reg[0]_3
    SLICE_X56Y121        LUT3 (Prop_G6LUT_SLICEL_I2_O)
                                                      0.137     5.090 r  system_i/accelerator/inst/core/core/core/keccak/k_in/cmdBuf/mainBuff/genblk1[0].del/in_enabled__ff/fast_drain_count[2]_i_7/O
                         net (fo=4, routed)           1.001     6.091    system_i/accelerator/inst/core/core/core/keccak/k_in/cmdBuf/mainBuff/genblk1[0].del/in_enabled__ff/r_reg[0]_0
    SLICE_X28Y125        LUT5 (Prop_B6LUT_SLICEM_I1_O)
                                                      0.188     6.279 f  system_i/accelerator/inst/core/core/core/keccak/k_in/cmdBuf/mainBuff/genblk1[0].del/in_enabled__ff/r[0]_inv_i_5/O
                         net (fo=1, routed)           0.058     6.337    system_i/accelerator/inst/core/core/core/keccak/k__buffer/genblk1[0].del/buffer_isUsed__ff/r_reg[0]_inv_5
    SLICE_X28Y125        LUT5 (Prop_H6LUT_SLICEM_I4_O)
                                                      0.154     6.491 r  system_i/accelerator/inst/core/core/core/keccak/k__buffer/genblk1[0].del/buffer_isUsed__ff/r[0]_inv_i_2__0/O
                         net (fo=8, routed)           0.121     6.612    system_i/accelerator/inst/core/core/core/o_out/noCounterEnded__ff/val__ff/r_reg[0]_1
    SLICE_X28Y125        LUT3 (Prop_C5LUT_SLICEM_I2_O)
                                                      0.154     6.766 r  system_i/accelerator/inst/core/core/core/o_out/noCounterEnded__ff/val__ff/r[0]_i_3__17/O
                         net (fo=36, routed)          0.343     7.109    system_i/accelerator/inst/core/core/expDelay/genblk1[0].del/buffer__ff/o_out__cmd_isReady
    SLICE_X26Y123        LUT6 (Prop_E6LUT_SLICEL_I0_O)
                                                      0.152     7.261 r  system_i/accelerator/inst/core/core/expDelay/genblk1[0].del/buffer__ff/r[0]_i_2__72/O
                         net (fo=3, routed)           0.212     7.472    system_i/accelerator/inst/core/core/core/o_out/noCounterEnded__ff/val__ff/r_reg[0]_0
    SLICE_X28Y123        LUT6 (Prop_C6LUT_SLICEM_I1_O)
                                                      0.080     7.552 r  system_i/accelerator/inst/core/core/core/o_out/noCounterEnded__ff/val__ff/i___53_i_14/O
                         net (fo=3, routed)           0.437     7.989    system_i/accelerator/inst/core/core/core/hub/cmdBuf/adapter/buffer_isUsed__ff/h__out_canReceive[0]
    SLICE_X36Y121        LUT6 (Prop_G6LUT_SLICEL_I5_O)
                                                      0.151     8.140 r  system_i/accelerator/inst/core/core/core/hub/cmdBuf/adapter/buffer_isUsed__ff/i___53_i_5/O
                         net (fo=1, routed)           0.404     8.544    system_i/accelerator/inst/core/core/core/o_in/noCounterEnded__ff/val__ff/h__in_canReceive[0]
    SLICE_X24Y122        LUT6 (Prop_H6LUT_SLICEM_I5_O)
                                                      0.138     8.682 r  system_i/accelerator/inst/core/core/core/o_in/noCounterEnded__ff/val__ff/i___53_i_1/O
                         net (fo=2, routed)           0.743     9.425    system_i/accelerator/inst/core/wrapper/input_fifo/native_in_ready
    SLICE_X20Y148        LUT4 (Prop_B6LUT_SLICEM_I3_O)
                                                      0.225     9.650 r  system_i/accelerator/inst/core/wrapper/input_fifo/i___0_i_2/O
                         net (fo=2, routed)           0.124     9.774    system_i/accelerator/inst/core/wrapper/input_fifo/i___0_i_2_n_0
    SLICE_X20Y148        LUT5 (Prop_G6LUT_SLICEM_I0_O)
                                                      0.082     9.856 r  system_i/accelerator/inst/core/wrapper/input_fifo/i___6_i_4/O
                         net (fo=14, routed)          1.006    10.862    system_i/accelerator/inst/core/core/core/hub/cmdBuf/adapter/buffer__ff/native_in_valid
    SLICE_X35Y122        LUT5 (Prop_H6LUT_SLICEM_I4_O)
                                                      0.138    11.000 r  system_i/accelerator/inst/core/core/core/hub/cmdBuf/adapter/buffer__ff/r[0]_inv_i_5__0/O
                         net (fo=2, routed)           0.345    11.344    system_i/accelerator/inst/core/core/core/memAndMul/ctrl/cmd__ff/r[0]_i_21__0_0
    SLICE_X35Y108        LUT6 (Prop_H6LUT_SLICEM_I1_O)
                                                      0.084    11.428 r  system_i/accelerator/inst/core/core/core/memAndMul/ctrl/cmd__ff/r[4]_i_3__4/O
                         net (fo=3, routed)           0.397    11.826    system_i/accelerator/inst/core/core/core/memAndMul/ctrl/cmd__ff/r_reg[0]_5
    SLICE_X36Y93         LUT6 (Prop_H6LUT_SLICEL_I0_O)
                                                      0.083    11.909 r  system_i/accelerator/inst/core/core/core/memAndMul/ctrl/cmd__ff/r[4]_i_2__7/O
                         net (fo=4, routed)           0.407    12.316    system_i/accelerator/inst/core/core/core/memAndMul/ctrl/cmd__ff/r_reg[4]_1
    SLICE_X35Y86         LUT6 (Prop_G6LUT_SLICEM_I2_O)
                                                      0.082    12.398 r  system_i/accelerator/inst/core/core/core/memAndMul/ctrl/cmd__ff/r[25]_i_5/O
                         net (fo=31, routed)          0.477    12.875    system_i/accelerator/inst/core/core/core/memAndMul/ctrl/cmd__ff/r_reg[8]_2
    SLICE_X40Y80         LUT4 (Prop_C6LUT_SLICEM_I2_O)
                                                      0.149    13.024 r  system_i/accelerator/inst/core/core/core/memAndMul/ctrl/cmd__ff/mem_reg_i_467__3/O
                         net (fo=40, routed)          0.376    13.400    system_i/accelerator/inst/core/core/core/memAndMul/ctrl/cmd__ff/mem_reg_i_467__3_n_0
    SLICE_X37Y75         LUT6 (Prop_H6LUT_SLICEM_I4_O)
                                                      0.060    13.460 r  system_i/accelerator/inst/core/core/core/memAndMul/ctrl/cmd__ff/mem_reg_i_432__3/O
                         net (fo=9, routed)           0.103    13.563    system_i/accelerator/inst/core/core/core/memAndMul/ctrl/cmd__ff/r_reg[12]_3
    SLICE_X37Y74         LUT6 (Prop_F6LUT_SLICEM_I0_O)
                                                      0.135    13.698 r  system_i/accelerator/inst/core/core/core/memAndMul/ctrl/cmd__ff/mem_reg_i_469/O
                         net (fo=7, routed)           0.171    13.870    system_i/accelerator/inst/core/core/core/memAndMul/ctrl/cmd__ff/mem_reg_i_469_n_0
    SLICE_X37Y71         LUT2 (Prop_E6LUT_SLICEM_I0_O)
                                                      0.057    13.927 r  system_i/accelerator/inst/core/core/core/memAndMul/ctrl/cmd__ff/mem_reg_i_136__1/O
                         net (fo=84, routed)          0.345    14.272    system_i/accelerator/inst/core/core/core/memAndMul/ctrl/cmd__ff/core/mainMemory/w/o_value__w35
    SLICE_X36Y64         LUT2 (Prop_D6LUT_SLICEL_I0_O)
                                                      0.136    14.408 r  system_i/accelerator/inst/core/core/core/memAndMul/ctrl/cmd__ff/mem_reg_i_260__0/O
                         net (fo=6, routed)           0.779    15.187    system_i/accelerator/inst/core/core/core/memAndMul/ctrl/cmd__ff/mem_reg_i_260__0_n_0
    SLICE_X46Y55         LUT2 (Prop_B6LUT_SLICEL_I1_O)
                                                      0.188    15.375 r  system_i/accelerator/inst/core/core/core/memAndMul/ctrl/cmd__ff/mem_reg_i_143__0/O
                         net (fo=3, routed)           0.689    16.064    system_i/accelerator/inst/core/core/core/memAndMul/ctrl/cmd__ff/mem_reg_i_143__0_n_0
    SLICE_X49Y45         LUT6 (Prop_C6LUT_SLICEL_I4_O)
                                                      0.187    16.251 r  system_i/accelerator/inst/core/core/core/memAndMul/ctrl/cmd__ff/mem_reg_i_28/O
                         net (fo=1, routed)           1.051    17.302    system_i/accelerator/inst/core/core/core/memAndMul/core/mainMemory/b/genblk1[2].mem/mem_reg_16[6]
    RAMB36_X0Y9          RAMB36E2                                     r  system_i/accelerator/inst/core/core/core/memAndMul/core/mainMemory/b/genblk1[2].mem/mem_reg/DINADIN[6]
  -------------------------------------------------------------------    -------------------

                         (clock clk_out1_system_fabric_clock_0 rise edge)
                                                     19.990    19.990 r  
    BUFG_PS_X0Y81        BUFG_PS                      0.000    19.990 r  system_i/ps/inst/buffer_pl_clk_0.PL_CLK_0_BUFG/O
                         net (fo=1, routed)           1.458    21.448    system_i/fabric_clock/inst/clk_in1
    MMCM_X0Y3            MMCME4_ADV (Prop_MMCM_CLKIN1_CLKOUT0)
                                                      0.739    22.187 r  system_i/fabric_clock/inst/mmcme4_adv_inst/CLKOUT0
                         net (fo=1, routed)           0.307    22.494    system_i/fabric_clock/inst/clk_out1_system_fabric_clock_0
    BUFGCE_X0Y76         BUFGCE (Prop_BUFCE_BUFGCE_I_O)
                                                      0.039    22.533 r  system_i/fabric_clock/inst/clkout1_buf/O
    X1Y1 (CLOCK_ROOT)    net (fo=35020, routed)       2.339    24.872    system_i/accelerator/inst/core/core/core/memAndMul/core/mainMemory/b/genblk1[2].mem/clk
    RAMB36_X0Y9          RAMB36E2                                     r  system_i/accelerator/inst/core/core/core/memAndMul/core/mainMemory/b/genblk1[2].mem/mem_reg/CLKBWRCLK
                         clock pessimism             -0.535    24.337    
                         clock uncertainty           -0.104    24.234    
    RAMB36_X0Y9          RAMB36E2 (Setup_RAMB36E2_RAMB36_CLKBWRCLK_DINADIN[6])
                                                     -0.406    23.828    system_i/accelerator/inst/core/core/core/memAndMul/core/mainMemory/b/genblk1[2].mem/mem_reg
  -------------------------------------------------------------------
                         required time                         23.828    
                         arrival time                         -17.302    
  -------------------------------------------------------------------
                         slack                                  6.526    





Min Delay Paths
--------------------------------------------------------------------------------------
Slack (MET) :             0.010ns  (arrival time - required time)
  Source:                 system_i/accelerator/inst/core/core/core/fast_path/compute/producer/producer/ring/rounds[3].round_pipe/p3.rc1_reg[6]/C
                            (rising edge-triggered cell FDRE clocked by clk_out1_system_fabric_clock_0  {rise@0.000ns fall@9.995ns period=19.990ns})
  Destination:            system_i/accelerator/inst/core/core/core/fast_path/compute/producer/producer/ring/rounds[3].round_pipe/p3.rc2_reg[6]/D
                            (rising edge-triggered cell FDRE clocked by clk_out1_system_fabric_clock_0  {rise@0.000ns fall@9.995ns period=19.990ns})
  Path Group:             clk_out1_system_fabric_clock_0
  Path Type:              Hold (Min at Slow Process Corner)
  Requirement:            0.000ns  (clk_out1_system_fabric_clock_0 rise@0.000ns - clk_out1_system_fabric_clock_0 rise@0.000ns)
  Data Path Delay:        0.247ns  (logic 0.115ns (46.559%)  route 0.132ns (53.441%))
  Logic Levels:           0  
  Clock Path Skew:        0.135ns (DCD - SCD - CPR)
    Destination Clock Delay (DCD):    4.716ns
    Source Clock Delay      (SCD):    5.063ns
    Clock Pessimism Removal (CPR):    -0.483ns
  Clock Net Delay (Source):      2.520ns (routing 1.133ns, distribution 1.387ns)
  Clock Net Delay (Destination): 2.816ns (routing 1.241ns, distribution 1.575ns)

    Location             Delay type                Incr(ns)  Path(ns)    Netlist Resource(s)
  -------------------------------------------------------------------    -------------------
                         (clock clk_out1_system_fabric_clock_0 rise edge)
                                                      0.000     0.000 r  
    BUFG_PS_X0Y81        BUFG_PS                      0.000     0.000 r  system_i/ps/inst/buffer_pl_clk_0.PL_CLK_0_BUFG/O
                         net (fo=1, routed)           1.458     1.458    system_i/fabric_clock/inst/clk_in1
    MMCM_X0Y3            MMCME4_ADV (Prop_MMCM_CLKIN1_CLKOUT0)
                                                      0.739     2.197 r  system_i/fabric_clock/inst/mmcme4_adv_inst/CLKOUT0
                         net (fo=1, routed)           0.307     2.504    system_i/fabric_clock/inst/clk_out1_system_fabric_clock_0
    BUFGCE_X0Y76         BUFGCE (Prop_BUFCE_BUFGCE_I_O)
                                                      0.039     2.543 r  system_i/fabric_clock/inst/clkout1_buf/O
    X1Y1 (CLOCK_ROOT)    net (fo=35020, routed)       2.520     5.063    system_i/accelerator/inst/core/core/core/fast_path/compute/producer/producer/ring/rounds[3].round_pipe/clk
    SLICE_X60Y185        FDRE                                         r  system_i/accelerator/inst/core/core/core/fast_path/compute/producer/producer/ring/rounds[3].round_pipe/p3.rc1_reg[6]/C
  -------------------------------------------------------------------    -------------------
    SLICE_X60Y185        FDRE (Prop_DFF2_SLICEL_C_Q)
                                                      0.115     5.178 r  system_i/accelerator/inst/core/core/core/fast_path/compute/producer/producer/ring/rounds[3].round_pipe/p3.rc1_reg[6]/Q
                         net (fo=1, routed)           0.132     5.310    system_i/accelerator/inst/core/core/core/fast_path/compute/producer/producer/ring/rounds[3].round_pipe/p3.rc1[6]
    SLICE_X59Y185        FDRE                                         r  system_i/accelerator/inst/core/core/core/fast_path/compute/producer/producer/ring/rounds[3].round_pipe/p3.rc2_reg[6]/D
  -------------------------------------------------------------------    -------------------

                         (clock clk_out1_system_fabric_clock_0 rise edge)
                                                      0.000     0.000 r  
    BUFG_PS_X0Y81        BUFG_PS                      0.000     0.000 r  system_i/ps/inst/buffer_pl_clk_0.PL_CLK_0_BUFG/O
                         net (fo=1, routed)           1.611     1.611    system_i/fabric_clock/inst/clk_in1
    MMCM_X0Y3            MMCME4_ADV (Prop_MMCM_CLKIN1_CLKOUT0)
                                                     -0.103     1.508 r  system_i/fabric_clock/inst/mmcme4_adv_inst/CLKOUT0
                         net (fo=1, routed)           0.348     1.856    system_i/fabric_clock/inst/clk_out1_system_fabric_clock_0
    BUFGCE_X0Y76         BUFGCE (Prop_BUFCE_BUFGCE_I_O)
                                                      0.044     1.900 r  system_i/fabric_clock/inst/clkout1_buf/O
    X1Y1 (CLOCK_ROOT)    net (fo=35020, routed)       2.816     4.716    system_i/accelerator/inst/core/core/core/fast_path/compute/producer/producer/ring/rounds[3].round_pipe/clk
    SLICE_X59Y185        FDRE                                         r  system_i/accelerator/inst/core/core/core/fast_path/compute/producer/producer/ring/rounds[3].round_pipe/p3.rc2_reg[6]/C
                         clock pessimism              0.483     5.198    
    SLICE_X59Y185        FDRE (Hold_BFF2_SLICEL_C_D)
                                                      0.102     5.300    system_i/accelerator/inst/core/core/core/fast_path/compute/producer/producer/ring/rounds[3].round_pipe/p3.rc2_reg[6]
  -------------------------------------------------------------------
                         required time                         -5.300    
                         arrival time                           5.310    
  -------------------------------------------------------------------
                         slack                                  0.010    





Pulse Width Checks
--------------------------------------------------------------------------------------
Clock Name:         clk_out1_system_fabric_clock_0
Waveform(ns):       { 0.000 9.995 }
Period(ns):         19.990
Sources:            { system_i/fabric_clock/inst/mmcme4_adv_inst/CLKOUT0 }

Check Type        Corner  Lib Pin          Reference Pin  Required(ns)  Actual(ns)  Slack(ns)  Location  Pin
Min Period        n/a     PS8/MAXIGP0ACLK  n/a            3.000         19.990      16.990     PS8_X0Y0  system_i/ps/inst/PS8_i/MAXIGP0ACLK
Low Pulse Width   Slow    PS8/MAXIGP0ACLK  n/a            1.500         9.995       8.495      PS8_X0Y0  system_i/ps/inst/PS8_i/MAXIGP0ACLK
High Pulse Width  Slow    PS8/MAXIGP0ACLK  n/a            1.500         9.995       8.495      PS8_X0Y0  system_i/ps/inst/PS8_i/MAXIGP0ACLK



--------------------------------------------------------------------------------------
Path Group:  (none)
From Clock:  
  To Clock:  clk_out1_system_fabric_clock_0

Max Delay             1 Endpoint
Min Delay             1 Endpoint
--------------------------------------------------------------------------------------


Max Delay Paths
--------------------------------------------------------------------------------------
Slack:                    inf
  Source:                 system_i/ps/inst/PS8_i/EMIOGPIOO[95]
                            (internal pin)
  Destination:            system_i/reset/U0/EXT_LPF/ACTIVE_LOW_EXT.ACT_LO_EXT/GENERATE_LEVEL_P_S_CDC.SINGLE_BIT.CROSS_PLEVEL_IN2SCNDRY_IN_cdc_to/D
                            (rising edge-triggered cell FDRE clocked by clk_out1_system_fabric_clock_0  {rise@0.000ns fall@9.995ns period=19.990ns})
  Path Group:             (none)
  Path Type:              Setup (Max at Slow Process Corner)
  Data Path Delay:        0.829ns  (logic 0.060ns (7.238%)  route 0.769ns (92.762%))
  Logic Levels:           1  (LUT1=1)
  Clock Uncertainty:      0.367ns  ((TSJ^2 + DJ^2)^1/2) / 2 + PE
    Total System Jitter     (TSJ):    0.050ns
    Discrete Jitter          (DJ):    0.177ns
    Phase Error              (PE):    0.275ns
  Clock Net Delay (Destination): 2.555ns (routing 1.133ns, distribution 1.422ns)
  Timing Exception:       False Path

    Location             Delay type                Incr(ns)  Path(ns)    Netlist Resource(s)
  -------------------------------------------------------------------    -------------------
    PS8_X0Y0             PS8                          0.000     0.000 f  system_i/ps/inst/PS8_i/EMIOGPIOO[95]
                         net (fo=1, routed)           0.532     0.532    system_i/reset/U0/EXT_LPF/ACTIVE_LOW_EXT.ACT_LO_EXT/ext_reset_in
    SLICE_X7Y238         LUT1 (Prop_H6LUT_SLICEM_I0_O)
                                                      0.060     0.592 r  system_i/reset/U0/EXT_LPF/ACTIVE_LOW_EXT.ACT_LO_EXT/GENERATE_LEVEL_P_S_CDC.SINGLE_BIT.CROSS_PLEVEL_IN2SCNDRY_IN_cdc_to_i_1/O
                         net (fo=1, routed)           0.237     0.829    system_i/reset/U0/EXT_LPF/ACTIVE_LOW_EXT.ACT_LO_EXT/exr_d1
    SLICE_X7Y238         FDRE                                         r  system_i/reset/U0/EXT_LPF/ACTIVE_LOW_EXT.ACT_LO_EXT/GENERATE_LEVEL_P_S_CDC.SINGLE_BIT.CROSS_PLEVEL_IN2SCNDRY_IN_cdc_to/D
  -------------------------------------------------------------------    -------------------

                         (clock clk_out1_system_fabric_clock_0 rise edge)
                                                      0.000     0.000 r  
    BUFG_PS_X0Y81        BUFG_PS                      0.000     0.000 r  system_i/ps/inst/buffer_pl_clk_0.PL_CLK_0_BUFG/O
                         net (fo=1, routed)           1.458     1.458    system_i/fabric_clock/inst/clk_in1
    MMCM_X0Y3            MMCME4_ADV (Prop_MMCM_CLKIN1_CLKOUT0)
                                                      0.739     2.197 r  system_i/fabric_clock/inst/mmcme4_adv_inst/CLKOUT0
                         net (fo=1, routed)           0.307     2.504    system_i/fabric_clock/inst/clk_out1_system_fabric_clock_0
    BUFGCE_X0Y76         BUFGCE (Prop_BUFCE_BUFGCE_I_O)
                                                      0.039     2.543 r  system_i/fabric_clock/inst/clkout1_buf/O
    X1Y1 (CLOCK_ROOT)    net (fo=35020, routed)       2.555     5.098    system_i/reset/U0/EXT_LPF/ACTIVE_LOW_EXT.ACT_LO_EXT/slowest_sync_clk
    SLICE_X7Y238         FDRE                                         r  system_i/reset/U0/EXT_LPF/ACTIVE_LOW_EXT.ACT_LO_EXT/GENERATE_LEVEL_P_S_CDC.SINGLE_BIT.CROSS_PLEVEL_IN2SCNDRY_IN_cdc_to/C





Min Delay Paths
--------------------------------------------------------------------------------------
Slack:                    inf
  Source:                 system_i/ps/inst/PS8_i/EMIOGPIOO[95]
                            (internal pin)
  Destination:            system_i/reset/U0/EXT_LPF/ACTIVE_LOW_EXT.ACT_LO_EXT/GENERATE_LEVEL_P_S_CDC.SINGLE_BIT.CROSS_PLEVEL_IN2SCNDRY_IN_cdc_to/D
                            (rising edge-triggered cell FDRE clocked by clk_out1_system_fabric_clock_0  {rise@0.000ns fall@9.995ns period=19.990ns})
  Path Group:             (none)
  Path Type:              Hold (Min at Fast Process Corner)
  Data Path Delay:        0.297ns  (logic 0.021ns (7.071%)  route 0.276ns (92.929%))
  Logic Levels:           1  (LUT1=1)
  Clock Uncertainty:      0.367ns  ((TSJ^2 + DJ^2)^1/2) / 2 + PE
    Total System Jitter     (TSJ):    0.050ns
    Discrete Jitter          (DJ):    0.177ns
    Phase Error              (PE):    0.275ns
  Clock Net Delay (Destination): 1.684ns (routing 0.738ns, distribution 0.946ns)
  Timing Exception:       False Path

    Location             Delay type                Incr(ns)  Path(ns)    Netlist Resource(s)
  -------------------------------------------------------------------    -------------------
    PS8_X0Y0             PS8                          0.000     0.000 f  system_i/ps/inst/PS8_i/EMIOGPIOO[95]
                         net (fo=1, routed)           0.210     0.210    system_i/reset/U0/EXT_LPF/ACTIVE_LOW_EXT.ACT_LO_EXT/ext_reset_in
    SLICE_X7Y238         LUT1 (Prop_H6LUT_SLICEM_I0_O)
                                                      0.021     0.231 r  system_i/reset/U0/EXT_LPF/ACTIVE_LOW_EXT.ACT_LO_EXT/GENERATE_LEVEL_P_S_CDC.SINGLE_BIT.CROSS_PLEVEL_IN2SCNDRY_IN_cdc_to_i_1/O
                         net (fo=1, routed)           0.066     0.297    system_i/reset/U0/EXT_LPF/ACTIVE_LOW_EXT.ACT_LO_EXT/exr_d1
    SLICE_X7Y238         FDRE                                         r  system_i/reset/U0/EXT_LPF/ACTIVE_LOW_EXT.ACT_LO_EXT/GENERATE_LEVEL_P_S_CDC.SINGLE_BIT.CROSS_PLEVEL_IN2SCNDRY_IN_cdc_to/D
  -------------------------------------------------------------------    -------------------

                         (clock clk_out1_system_fabric_clock_0 rise edge)
                                                      0.000     0.000 r  
    BUFG_PS_X0Y81        BUFG_PS                      0.000     0.000 r  system_i/ps/inst/buffer_pl_clk_0.PL_CLK_0_BUFG/O
                         net (fo=1, routed)           0.964     0.964    system_i/fabric_clock/inst/clk_in1
    MMCM_X0Y3            MMCME4_ADV (Prop_MMCM_CLKIN1_CLKOUT0)
                                                     -0.079     0.885 r  system_i/fabric_clock/inst/mmcme4_adv_inst/CLKOUT0
                         net (fo=1, routed)           0.204     1.089    system_i/fabric_clock/inst/clk_out1_system_fabric_clock_0
    BUFGCE_X0Y76         BUFGCE (Prop_BUFCE_BUFGCE_I_O)
                                                      0.026     1.115 r  system_i/fabric_clock/inst/clkout1_buf/O
    X1Y1 (CLOCK_ROOT)    net (fo=35020, routed)       1.684     2.799    system_i/reset/U0/EXT_LPF/ACTIVE_LOW_EXT.ACT_LO_EXT/slowest_sync_clk
    SLICE_X7Y238         FDRE                                         r  system_i/reset/U0/EXT_LPF/ACTIVE_LOW_EXT.ACT_LO_EXT/GENERATE_LEVEL_P_S_CDC.SINGLE_BIT.CROSS_PLEVEL_IN2SCNDRY_IN_cdc_to/C





--------------------------------------------------------------------------------------
Path Group:  (none)
From Clock:  clk_out1_system_fabric_clock_0
  To Clock:  clk_out1_system_fabric_clock_0

Max Delay            28 Endpoints
Min Delay            28 Endpoints
--------------------------------------------------------------------------------------


Max Delay Paths
--------------------------------------------------------------------------------------
Slack:                    inf
  Source:                 system_i/control/inst/clk_map/psr_aclk/U0/ACTIVE_LOW_BSR_OUT_DFF[0].FDRE_BSR_N/C
                            (rising edge-triggered cell FDRE clocked by clk_out1_system_fabric_clock_0  {rise@0.000ns fall@9.995ns period=19.990ns})
  Destination:            system_i/control/inst/s00_entry_pipeline/s00_mmu/inst/xpm_cdc_async_rst_inst/arststages_ff_reg[0]/CLR
                            (recovery check against rising-edge clock clk_out1_system_fabric_clock_0  {rise@0.000ns fall@9.995ns period=19.990ns})
  Path Group:             (none)
  Path Type:              Recovery (Max at Slow Process Corner)
  Data Path Delay:        0.959ns  (logic 0.114ns (11.884%)  route 0.845ns (88.116%))
  Logic Levels:           0  
  Clock Path Skew:        0.377ns (DCD - SCD + CPR)
    Destination Clock Delay (DCD):    5.090ns
    Source Clock Delay      (SCD):    4.713ns
    Clock Pessimism Removal (CPR):    0.000ns
  Clock Uncertainty:      0.104ns  ((TSJ^2 + DJ^2)^1/2) / 2 + PE
    Total System Jitter     (TSJ):    0.071ns
    Discrete Jitter          (DJ):    0.195ns
    Phase Error              (PE):    0.000ns
  Clock Net Delay (Source):      2.813ns (routing 1.241ns, distribution 1.572ns)
  Clock Net Delay (Destination): 2.547ns (routing 1.133ns, distribution 1.414ns)
  Timing Exception:       False Path

    Location             Delay type                Incr(ns)  Path(ns)    Netlist Resource(s)
  -------------------------------------------------------------------    -------------------
                         (clock clk_out1_system_fabric_clock_0 rise edge)
                                                      0.000     0.000 r  
    BUFG_PS_X0Y81        BUFG_PS                      0.000     0.000 r  system_i/ps/inst/buffer_pl_clk_0.PL_CLK_0_BUFG/O
                         net (fo=1, routed)           1.611     1.611    system_i/fabric_clock/inst/clk_in1
    MMCM_X0Y3            MMCME4_ADV (Prop_MMCM_CLKIN1_CLKOUT0)
                                                     -0.103     1.508 r  system_i/fabric_clock/inst/mmcme4_adv_inst/CLKOUT0
                         net (fo=1, routed)           0.348     1.856    system_i/fabric_clock/inst/clk_out1_system_fabric_clock_0
    BUFGCE_X0Y76         BUFGCE (Prop_BUFCE_BUFGCE_I_O)
                                                      0.044     1.900 r  system_i/fabric_clock/inst/clkout1_buf/O
    X1Y1 (CLOCK_ROOT)    net (fo=35020, routed)       2.813     4.713    system_i/control/inst/clk_map/psr_aclk/U0/aclk
    SLICE_X3Y165         FDRE                                         r  system_i/control/inst/clk_map/psr_aclk/U0/ACTIVE_LOW_BSR_OUT_DFF[0].FDRE_BSR_N/C
  -------------------------------------------------------------------    -------------------
    SLICE_X3Y165         FDRE (Prop_DFF_SLICEL_C_Q)
                                                      0.114     4.827 r  system_i/control/inst/clk_map/psr_aclk/U0/ACTIVE_LOW_BSR_OUT_DFF[0].FDRE_BSR_N/Q
                         net (fo=27, routed)          0.845     5.672    system_i/control/inst/s00_entry_pipeline/s00_mmu/inst/xpm_cdc_async_rst_inst/src_arst
    SLICE_X1Y140         FDCE                                         f  system_i/control/inst/s00_entry_pipeline/s00_mmu/inst/xpm_cdc_async_rst_inst/arststages_ff_reg[0]/CLR  (IS_INVERTED)
  -------------------------------------------------------------------    -------------------

                         (clock clk_out1_system_fabric_clock_0 rise edge)
                                                      0.000     0.000 r  
    BUFG_PS_X0Y81        BUFG_PS                      0.000     0.000 r  system_i/ps/inst/buffer_pl_clk_0.PL_CLK_0_BUFG/O
                         net (fo=1, routed)           1.458     1.458    system_i/fabric_clock/inst/clk_in1
    MMCM_X0Y3            MMCME4_ADV (Prop_MMCM_CLKIN1_CLKOUT0)
                                                      0.739     2.197 r  system_i/fabric_clock/inst/mmcme4_adv_inst/CLKOUT0
                         net (fo=1, routed)           0.307     2.504    system_i/fabric_clock/inst/clk_out1_system_fabric_clock_0
    BUFGCE_X0Y76         BUFGCE (Prop_BUFCE_BUFGCE_I_O)
                                                      0.039     2.543 r  system_i/fabric_clock/inst/clkout1_buf/O
    X1Y1 (CLOCK_ROOT)    net (fo=35020, routed)       2.547     5.090    system_i/control/inst/s00_entry_pipeline/s00_mmu/inst/xpm_cdc_async_rst_inst/dest_clk
    SLICE_X1Y140         FDCE                                         r  system_i/control/inst/s00_entry_pipeline/s00_mmu/inst/xpm_cdc_async_rst_inst/arststages_ff_reg[0]/C





Min Delay Paths
--------------------------------------------------------------------------------------
Slack:                    inf
  Source:                 system_i/control/inst/clk_map/psr_aclk/U0/ACTIVE_LOW_BSR_OUT_DFF[0].FDRE_BSR_N/C
                            (rising edge-triggered cell FDRE clocked by clk_out1_system_fabric_clock_0  {rise@0.000ns fall@9.995ns period=19.990ns})
  Destination:            system_i/control/inst/s00_nodes/s00_ar_node/inst/s_sc_xpm_cdc_async_rst_inst/arststages_ff_reg[0]/CLR
                            (removal check against rising-edge clock clk_out1_system_fabric_clock_0  {rise@0.000ns fall@9.995ns period=19.990ns})
  Path Group:             (none)
  Path Type:              Removal (Min at Fast Process Corner)
  Data Path Delay:        0.247ns  (logic 0.084ns (34.036%)  route 0.163ns (65.964%))
  Logic Levels:           0  
  Clock Path Skew:        -0.397ns (DCD - SCD - CPR)
    Destination Clock Delay (DCD):    2.787ns
    Source Clock Delay      (SCD):    3.185ns
    Clock Pessimism Removal (CPR):    -0.000ns
  Clock Uncertainty:      0.104ns  ((TSJ^2 + DJ^2)^1/2) / 2 + PE
    Total System Jitter     (TSJ):    0.071ns
    Discrete Jitter          (DJ):    0.195ns
    Phase Error              (PE):    0.000ns
  Clock Net Delay (Source):      1.534ns (routing 0.676ns, distribution 0.858ns)
  Clock Net Delay (Destination): 1.672ns (routing 0.738ns, distribution 0.934ns)
  Timing Exception:       False Path

    Location             Delay type                Incr(ns)  Path(ns)    Netlist Resource(s)
  -------------------------------------------------------------------    -------------------
                         (clock clk_out1_system_fabric_clock_0 rise edge)
                                                      0.000     0.000 r  
    BUFG_PS_X0Y81        BUFG_PS                      0.000     0.000 r  system_i/ps/inst/buffer_pl_clk_0.PL_CLK_0_BUFG/O
                         net (fo=1, routed)           0.883     0.883    system_i/fabric_clock/inst/clk_in1
    MMCM_X0Y3            MMCME4_ADV (Prop_MMCM_CLKIN1_CLKOUT0)
                                                      0.566     1.449 r  system_i/fabric_clock/inst/mmcme4_adv_inst/CLKOUT0
                         net (fo=1, routed)           0.179     1.628    system_i/fabric_clock/inst/clk_out1_system_fabric_clock_0
    BUFGCE_X0Y76         BUFGCE (Prop_BUFCE_BUFGCE_I_O)
                                                      0.023     1.651 r  system_i/fabric_clock/inst/clkout1_buf/O
    X1Y1 (CLOCK_ROOT)    net (fo=35020, routed)       1.534     3.185    system_i/control/inst/clk_map/psr_aclk/U0/aclk
    SLICE_X3Y165         FDRE                                         r  system_i/control/inst/clk_map/psr_aclk/U0/ACTIVE_LOW_BSR_OUT_DFF[0].FDRE_BSR_N/C
  -------------------------------------------------------------------    -------------------
    SLICE_X3Y165         FDRE (Prop_DFF_SLICEL_C_Q)
                                                      0.084     3.269 r  system_i/control/inst/clk_map/psr_aclk/U0/ACTIVE_LOW_BSR_OUT_DFF[0].FDRE_BSR_N/Q
                         net (fo=27, routed)          0.163     3.431    system_i/control/inst/s00_nodes/s00_ar_node/inst/s_sc_xpm_cdc_async_rst_inst/src_arst
    SLICE_X3Y156         FDCE                                         f  system_i/control/inst/s00_nodes/s00_ar_node/inst/s_sc_xpm_cdc_async_rst_inst/arststages_ff_reg[0]/CLR  (IS_INVERTED)
  -------------------------------------------------------------------    -------------------

                         (clock clk_out1_system_fabric_clock_0 rise edge)
                                                      0.000     0.000 r  
    BUFG_PS_X0Y81        BUFG_PS                      0.000     0.000 r  system_i/ps/inst/buffer_pl_clk_0.PL_CLK_0_BUFG/O
                         net (fo=1, routed)           0.964     0.964    system_i/fabric_clock/inst/clk_in1
    MMCM_X0Y3            MMCME4_ADV (Prop_MMCM_CLKIN1_CLKOUT0)
                                                     -0.079     0.885 r  system_i/fabric_clock/inst/mmcme4_adv_inst/CLKOUT0
                         net (fo=1, routed)           0.204     1.089    system_i/fabric_clock/inst/clk_out1_system_fabric_clock_0
    BUFGCE_X0Y76         BUFGCE (Prop_BUFCE_BUFGCE_I_O)
                                                      0.026     1.115 r  system_i/fabric_clock/inst/clkout1_buf/O
    X1Y1 (CLOCK_ROOT)    net (fo=35020, routed)       1.672     2.787    system_i/control/inst/s00_nodes/s00_ar_node/inst/s_sc_xpm_cdc_async_rst_inst/dest_clk
    SLICE_X3Y156         FDCE                                         r  system_i/control/inst/s00_nodes/s00_ar_node/inst/s_sc_xpm_cdc_async_rst_inst/arststages_ff_reg[0]/C





